// Jest Snapshot v1, https://goo.gl/fbAQLP

exports[`MovieDetails is created 1`] = `
<div
  className="movie-details"
>
  <img
    className="movie-details__image"
    src="https://image.tmdb.org/t/p/w500/3kcEGnYBHDeqmdYf8ZRbKdfmlUy.jpg"
  />
  <div
    className="movie-details_desc"
  >
    <h2
      className="movie-details__title"
    >
      Fifty Shades Freed
    </h2>
    <div
      className="movie-details__tagline"
    >
      Don't miss the climax
    </div>
    <p>
      Believing they have left behind shadowy figures from their past, newlyweds Christian and Ana fully embrace an inextricable connection and shared life of luxury. But just as she steps into her role as Mrs. Grey and he relaxes into an unfamiliar stability, new threats could jeopardize their happy ending before it even begins.
    </p>
    <p>
      <b>
        2018
         
        106
         min 
      </b>
    </p>
  </div>
</div>
`;
